{"level":"info","message":"Api gateway is running on port 3000","service":"api-gateway","timestamp":"2026-09-13T11:35:54.286Z"}
{"level":"info","message":"Identity service is running on http://localhost:8000","service":"api-gateway","timestamp":"2026-09-13T11:35:54.293Z"}
{"level":"info","message":"Redis url : redis://localhost:6379","service":"api-gateway","timestamp":"2026-09-13T11:35:54.294Z"}
{"level":"info","message":"Api gateway is running on port 3000","service":"api-gateway","timestamp":"2026-09-13T11:36:27.791Z"}
{"level":"info","message":"Identity service is running on http://localhost:8000","service":"api-gateway","timestamp":"2026-09-13T11:36:27.797Z"}
{"level":"info","message":"Redis url : redis://localhost:6379","service":"api-gateway","timestamp":"2026-09-13T11:36:27.798Z"}
{"level":"info","message":"Api gateway is running on port 3000","service":"api-gateway","timestamp":"2026-09-13T11:36:49.633Z"}
{"level":"info","message":"Identity service is running on http://localhost:8000","service":"api-gateway","timestamp":"2026-09-13T11:36:49.641Z"}
{"level":"info","message":"Redis url : redis://localhost:6379","service":"api-gateway","timestamp":"2026-09-13T11:36:49.643Z"}
{"level":"info","message":"Recieved POST request to undefined","service":"api-gateway","timestamp":"2026-09-13T11:38:51.627Z"}
{"level":"info","message":"Request body [object Object]","service":"api-gateway","timestamp":"2026-09-13T11:38:51.628Z"}
{"level":"error","message":"ReferenceError: application is not defined\n    at proxyReqOptDecorator (C:\\Users\\Saptarshi\\OneDrive\\Documents\\Study Material\\Framework\\SM\\Advanced\\Event_Loop_One\\social-media-microservices\\api-gateway\\src\\server.js:68:48)\n    at decorateProxyReqOpt (C:\\Users\\Saptarshi\\OneDrive\\Documents\\Study Material\\Framework\\SM\\Advanced\\Event_Loop_One\\social-media-microservices\\api-gateway\\node_modules\\express-http-proxy\\app\\steps\\decorateProxyReqOpts.js:13:14)\n    at process.processTicksAndRejections (node:internal/process/task_queues:105:5)","service":"api-gateway","timestamp":"2026-09-13T11:38:51.632Z"}
{"level":"info","message":"Api gateway is running on port 3000","service":"api-gateway","timestamp":"2026-09-13T11:39:19.157Z"}
{"level":"info","message":"Identity service is running on http://localhost:8000","service":"api-gateway","timestamp":"2026-09-13T11:39:19.162Z"}
{"level":"info","message":"Redis url : redis://localhost:6379","service":"api-gateway","timestamp":"2026-09-13T11:39:19.163Z"}
{"level":"info","message":"Recieved POST request to undefined","service":"api-gateway","timestamp":"2026-09-13T11:39:22.524Z"}
{"level":"info","message":"Request body [object Object]","service":"api-gateway","timestamp":"2026-09-13T11:39:22.525Z"}
{"level":"error","message":"AggregateError [ECONNREFUSED]: \n    at internalConnectMultiple (node:net:1134:18)\n    at afterConnectMultiple (node:net:1715:7)","service":"api-gateway","timestamp":"2026-09-13T11:39:22.539Z"}
{"level":"info","message":"Recieved POST request to undefined","service":"api-gateway","timestamp":"2026-09-13T11:40:13.976Z"}
{"level":"info","message":"Request body [object Object]","service":"api-gateway","timestamp":"2026-09-13T11:40:13.977Z"}
{"level":"error","message":"AggregateError [ECONNREFUSED]: \n    at internalConnectMultiple (node:net:1134:18)\n    at afterConnectMultiple (node:net:1715:7)","service":"api-gateway","timestamp":"2026-09-13T11:40:13.983Z"}
{"level":"info","message":"Recieved POST request to undefined","service":"api-gateway","timestamp":"2026-09-13T11:40:21.529Z"}
{"level":"info","message":"Request body [object Object]","service":"api-gateway","timestamp":"2026-09-13T11:40:21.530Z"}
{"level":"info","message":"Recieved POST request to undefined","service":"api-gateway","timestamp":"2026-09-13T11:40:32.558Z"}
{"level":"info","message":"Request body [object Object]","service":"api-gateway","timestamp":"2026-09-13T11:40:32.559Z"}
{"level":"error","message":"AggregateError [ECONNREFUSED]: \n    at internalConnectMultiple (node:net:1134:18)\n    at afterConnectMultiple (node:net:1715:7)","service":"api-gateway","timestamp":"2026-09-13T11:40:32.563Z"}
{"level":"info","message":"Api gateway is running on port 3000","service":"api-gateway","timestamp":"2026-09-13T11:42:44.407Z"}
{"level":"info","message":"Identity service is running on http://localhost:8000","service":"api-gateway","timestamp":"2026-09-13T11:42:44.414Z"}
{"level":"info","message":"Redis url : redis://localhost:6379","service":"api-gateway","timestamp":"2026-09-13T11:42:44.415Z"}
{"level":"info","message":"Recieved POST request to undefined","service":"api-gateway","timestamp":"2026-09-13T11:42:47.387Z"}
{"level":"info","message":"Request body [object Object]","service":"api-gateway","timestamp":"2026-09-13T11:42:47.388Z"}
{"level":"error","message":"Error message ","service":"api-gateway","timestamp":"2026-09-13T11:42:47.411Z"}
{"level":"info","message":"Api gateway is running on port 3000","service":"api-gateway","timestamp":"2026-09-13T11:44:44.990Z"}
{"level":"info","message":"Identity service is running on http://localhost:8000","service":"api-gateway","timestamp":"2026-09-13T11:44:44.999Z"}
{"level":"info","message":"Redis url : redis://localhost:6379","service":"api-gateway","timestamp":"2026-09-13T11:44:45.000Z"}
{"level":"info","message":"Recieved POST request to undefined","service":"api-gateway","timestamp":"2026-09-13T11:44:49.125Z"}
{"level":"info","message":"Request body [object Object]","service":"api-gateway","timestamp":"2026-09-13T11:44:49.126Z"}
{"level":"error","message":"Error message ","service":"api-gateway","timestamp":"2026-09-13T11:44:49.139Z"}
{"level":"info","message":"Api gateway is running on port 3000","service":"api-gateway","timestamp":"2026-09-13T11:46:35.711Z"}
{"level":"info","message":"Identity service is running on http://localhost:8000","service":"api-gateway","timestamp":"2026-09-13T11:46:35.718Z"}
{"level":"info","message":"Redis url : redis://localhost:6379","service":"api-gateway","timestamp":"2026-09-13T11:46:35.720Z"}
{"level":"info","message":"Recieved POST request to undefined","service":"api-gateway","timestamp":"2026-09-13T11:46:38.196Z"}
{"level":"info","message":"Request body [object Object]","service":"api-gateway","timestamp":"2026-09-13T11:46:38.198Z"}
{"level":"error","message":"Proxy error: ","service":"api-gateway","timestamp":"2026-09-13T11:46:38.211Z"}
{"level":"info","message":"Api gateway is running on port 3000","service":"api-gateway","timestamp":"2026-09-13T11:46:53.183Z"}
{"level":"info","message":"Identity service is running on http://localhost:8000","service":"api-gateway","timestamp":"2026-09-13T11:46:53.190Z"}
{"level":"info","message":"Redis url : redis://localhost:6379","service":"api-gateway","timestamp":"2026-09-13T11:46:53.192Z"}
{"level":"info","message":"Api gateway is running on port 3000","service":"api-gateway","timestamp":"2026-09-13T11:48:11.879Z"}
{"level":"info","message":"Identity service is running on http://localhost:8000","service":"api-gateway","timestamp":"2026-09-13T11:48:11.888Z"}
{"level":"info","message":"Redis url : redis://localhost:6379","service":"api-gateway","timestamp":"2026-09-13T11:48:11.889Z"}
{"level":"info","message":"Recieved POST request to undefined","service":"api-gateway","timestamp":"2026-09-13T11:48:15.687Z"}
{"level":"info","message":"Request body [object Object]","service":"api-gateway","timestamp":"2026-09-13T11:48:15.688Z"}
{"level":"error","message":"Error message ","service":"api-gateway","timestamp":"2026-09-13T11:48:15.701Z"}
{"level":"info","message":"Recieved POST request to undefined","service":"api-gateway","timestamp":"2026-09-13T11:48:17.778Z"}
{"level":"info","message":"Request body [object Object]","service":"api-gateway","timestamp":"2026-09-13T11:48:17.779Z"}
{"level":"error","message":"Error message ","service":"api-gateway","timestamp":"2026-09-13T11:48:17.785Z"}
{"level":"info","message":"Api gateway is running on port 3000","service":"api-gateway","timestamp":"2026-09-13T11:48:34.719Z"}
{"level":"info","message":"Identity service is running on http://localhost:8000","service":"api-gateway","timestamp":"2026-09-13T11:48:34.727Z"}
{"level":"info","message":"Redis url : redis://localhost:6379","service":"api-gateway","timestamp":"2026-09-13T11:48:34.727Z"}
{"level":"info","message":"Recieved POST request to undefined","service":"api-gateway","timestamp":"2026-09-13T11:48:38.097Z"}
{"level":"info","message":"Request body [object Object]","service":"api-gateway","timestamp":"2026-09-13T11:48:38.098Z"}
{"level":"error","message":"Error message ","service":"api-gateway","timestamp":"2026-09-13T11:48:38.112Z"}
{"level":"info","message":"Api gateway is running on port 3000","service":"api-gateway","timestamp":"2026-09-13T11:54:37.565Z"}
{"level":"info","message":"Identity service is running on http://localhost:8000","service":"api-gateway","timestamp":"2026-09-13T11:54:37.572Z"}
{"level":"info","message":"Redis url : redis://localhost:6379","service":"api-gateway","timestamp":"2026-09-13T11:54:37.573Z"}
{"level":"info","message":"Recieved POST request to undefined","service":"api-gateway","timestamp":"2026-09-13T11:54:43.283Z"}
{"level":"info","message":"Request body [object Object]","service":"api-gateway","timestamp":"2026-09-13T11:54:43.284Z"}
{"level":"error","message":"Error message ","service":"api-gateway","timestamp":"2026-09-13T11:54:43.300Z"}
{"level":"info","message":"Api gateway is running on port 3000","service":"api-gateway","timestamp":"2026-09-13T11:56:05.008Z"}
{"level":"info","message":"Identity service is running on http://localhost:8000","service":"api-gateway","timestamp":"2026-09-13T11:56:05.015Z"}
{"level":"info","message":"Redis url : redis://localhost:6379","service":"api-gateway","timestamp":"2026-09-13T11:56:05.016Z"}
{"level":"info","message":"Recieved POST request to undefined","service":"api-gateway","timestamp":"2026-09-13T11:56:12.242Z"}
{"level":"info","message":"Request body [object Object]","service":"api-gateway","timestamp":"2026-09-13T11:56:12.243Z"}
{"level":"info","message":"Resoponse received from post service 201","service":"api-gateway","timestamp":"2026-09-13T11:56:12.887Z"}
{"level":"info","message":"Api gateway is running on port 3000","service":"api-gateway","timestamp":"2026-09-13T11:57:52.528Z"}
{"level":"info","message":"Identity service is running on http://localhost:8000","service":"api-gateway","timestamp":"2026-09-13T11:57:52.536Z"}
{"level":"info","message":"Redis url : redis://localhost:6379","service":"api-gateway","timestamp":"2026-09-13T11:57:52.537Z"}
{"level":"info","message":"Api gateway is running on port 3000","service":"api-gateway","timestamp":"2026-09-13T11:58:00.325Z"}
{"level":"info","message":"Identity service is running on http://localhost:8000","service":"api-gateway","timestamp":"2026-09-13T11:58:00.332Z"}
{"level":"info","message":"Redis url : redis://localhost:6379","service":"api-gateway","timestamp":"2026-09-13T11:58:00.333Z"}
{"level":"info","message":"Api gateway is running on port 3000","service":"api-gateway","timestamp":"2026-09-13T11:58:12.997Z"}
{"level":"info","message":"Identity service is running on http://localhost:8000","service":"api-gateway","timestamp":"2026-09-13T11:58:13.005Z"}
{"level":"info","message":"Redis url : redis://localhost:6379","service":"api-gateway","timestamp":"2026-09-13T11:58:13.007Z"}
{"level":"info","message":"Api gateway is running on port 3000","service":"api-gateway","timestamp":"2026-09-13T11:58:38.007Z"}
{"level":"info","message":"Identity service is running on http://localhost:8000","service":"api-gateway","timestamp":"2026-09-13T11:58:38.013Z"}
{"level":"info","message":"Redis url : redis://localhost:6379","service":"api-gateway","timestamp":"2026-09-13T11:58:38.014Z"}
{"level":"info","message":"Recieved POST request to undefined","service":"api-gateway","timestamp":"2026-09-13T11:58:56.383Z"}
{"level":"info","message":"Request body [object Object]","service":"api-gateway","timestamp":"2026-09-13T11:58:56.385Z"}
{"level":"info","message":"Resoponse received from post service 201","service":"api-gateway","timestamp":"2026-09-13T11:58:56.673Z"}
{"level":"info","message":"Recieved POST request to undefined","service":"api-gateway","timestamp":"2026-09-13T13:46:39.581Z"}
{"level":"info","message":"Request body [object Object]","service":"api-gateway","timestamp":"2026-09-13T13:46:39.583Z"}
{"level":"info","message":"Resoponse received from post service 200","service":"api-gateway","timestamp":"2026-09-13T13:46:39.925Z"}
{"level":"info","message":"Api gateway is running on port 3000","service":"api-gateway","timestamp":"2026-09-14T15:44:46.630Z"}
{"level":"info","message":"Identity service is running on http://localhost:8000","service":"api-gateway","timestamp":"2026-09-14T15:44:46.638Z"}
{"level":"info","message":"Redis url : redis://localhost:6379","service":"api-gateway","timestamp":"2026-09-14T15:44:46.639Z"}
{"level":"info","message":"Api gateway is running on port 3000","service":"api-gateway","timestamp":"2026-09-15T09:01:59.558Z"}
{"level":"info","message":"Identity service is running on http://localhost:8000","service":"api-gateway","timestamp":"2026-09-15T09:01:59.564Z"}
{"level":"info","message":"Redis url : redis://localhost:6379","service":"api-gateway","timestamp":"2026-09-15T09:01:59.565Z"}
{"level":"info","message":"Api gateway is running on port 3000","service":"api-gateway","timestamp":"2026-09-15T09:03:36.117Z"}
{"level":"info","message":"Identity service is running on http://localhost:8000","service":"api-gateway","timestamp":"2026-09-15T09:03:36.122Z"}
{"level":"info","message":"Redis url : redis://localhost:6379","service":"api-gateway","timestamp":"2026-09-15T09:03:36.123Z"}
{"level":"info","message":"Api gateway is running on port 3000","service":"api-gateway","timestamp":"2026-09-15T14:07:27.256Z"}
{"level":"info","message":"Identity service is running on http://localhost:8000","service":"api-gateway","timestamp":"2026-09-15T14:07:27.260Z"}
{"level":"info","message":"Redis url : redis://localhost:6379","service":"api-gateway","timestamp":"2026-09-15T14:07:27.260Z"}
{"level":"info","message":"Api gateway is running on port 3000","service":"api-gateway","timestamp":"2026-09-15T17:05:29.825Z"}
{"level":"info","message":"Identity service is running on http://localhost:8000","service":"api-gateway","timestamp":"2026-09-15T17:05:29.828Z"}
{"level":"info","message":"Redis url : redis://localhost:6379","service":"api-gateway","timestamp":"2026-09-15T17:05:29.828Z"}
{"level":"info","message":"Recieved POST request to undefined","service":"api-gateway","timestamp":"2026-09-15T17:10:25.428Z"}
{"level":"info","message":"Request body [object Object]","service":"api-gateway","timestamp":"2026-09-15T17:10:25.429Z"}
{"level":"info","message":"Resoponse received from post service 201","service":"api-gateway","timestamp":"2026-09-15T17:10:25.870Z"}
{"level":"info","message":"Recieved POST request to undefined","service":"api-gateway","timestamp":"2026-09-15T17:10:42.584Z"}
{"level":"info","message":"Request body [object Object]","service":"api-gateway","timestamp":"2026-09-15T17:10:42.584Z"}
{"level":"info","message":"Resoponse received from post service 200","service":"api-gateway","timestamp":"2026-09-15T17:10:42.681Z"}
{"level":"info","message":"Recieved POST request to undefined","service":"api-gateway","timestamp":"2026-09-15T17:14:31.879Z"}
{"level":"info","message":"Request body [object Object]","service":"api-gateway","timestamp":"2026-09-15T17:14:31.880Z"}
{"level":"info","message":"Resoponse received from post service 400","service":"api-gateway","timestamp":"2026-09-15T17:14:31.889Z"}
{"level":"info","message":"Recieved POST request to undefined","service":"api-gateway","timestamp":"2026-09-15T17:14:37.770Z"}
{"level":"info","message":"Request body [object Object]","service":"api-gateway","timestamp":"2026-09-15T17:14:37.770Z"}
{"level":"info","message":"Resoponse received from post service 200","service":"api-gateway","timestamp":"2026-09-15T17:14:37.789Z"}
{"level":"info","message":"Api gateway is running on port 3000","service":"api-gateway","timestamp":"2026-09-15T17:28:27.089Z"}
{"level":"info","message":"Identity service is running on http://localhost:8000","service":"api-gateway","timestamp":"2026-09-15T17:28:27.092Z"}
{"level":"info","message":"Redis url : redis://localhost:6379","service":"api-gateway","timestamp":"2026-09-15T17:28:27.092Z"}
{"level":"info","message":"Api gateway is running on port 3000","service":"api-gateway","timestamp":"2026-09-15T17:30:12.762Z"}
{"level":"info","message":"Identity service is running on http://localhost:8000","service":"api-gateway","timestamp":"2026-09-15T17:30:12.766Z"}
{"level":"info","message":"Redis url : redis://localhost:6379","service":"api-gateway","timestamp":"2026-09-15T17:30:12.767Z"}
{"level":"info","message":"Api gateway is running on port 3000","service":"api-gateway","timestamp":"2026-09-15T17:32:53.132Z"}
{"level":"info","message":"Identity service is running on http://localhost:8000","service":"api-gateway","timestamp":"2026-09-15T17:32:53.137Z"}
{"level":"info","message":"Redis url : redis://localhost:6379","service":"api-gateway","timestamp":"2026-09-15T17:32:53.138Z"}
{"level":"info","message":"Api gateway is running on port 3000","service":"api-gateway","timestamp":"2026-09-15T17:33:10.563Z"}
{"level":"info","message":"Identity service is running on http://localhost:8000","service":"api-gateway","timestamp":"2026-09-15T17:33:10.567Z"}
{"level":"info","message":"Redis url : redis://localhost:6379","service":"api-gateway","timestamp":"2026-09-15T17:33:10.567Z"}
{"level":"info","message":"Api gateway is running on port 3000","service":"api-gateway","timestamp":"2026-09-15T17:34:10.317Z"}
{"level":"info","message":"Identity service is running on http://localhost:8000","service":"api-gateway","timestamp":"2026-09-15T17:34:10.321Z"}
{"level":"info","message":"Redis url : redis://localhost:6379","service":"api-gateway","timestamp":"2026-09-15T17:34:10.321Z"}
{"level":"info","message":"Api gateway is running on port 3000","service":"api-gateway","timestamp":"2026-09-15T17:35:01.152Z"}
{"level":"info","message":"Identity service is running on http://localhost:8000","service":"api-gateway","timestamp":"2026-09-15T17:35:01.156Z"}
{"level":"info","message":"Redis url : redis://localhost:6379","service":"api-gateway","timestamp":"2026-09-15T17:35:01.157Z"}
{"level":"info","message":"Api gateway is running on port 3000","service":"api-gateway","timestamp":"2026-09-15T17:37:30.230Z"}
{"level":"info","message":"Identity service is running on http://localhost:8000","service":"api-gateway","timestamp":"2026-09-15T17:37:30.234Z"}
{"level":"info","message":"Redis url : redis://localhost:6379","service":"api-gateway","timestamp":"2026-09-15T17:37:30.234Z"}
{"level":"info","message":"Api gateway is running on port 3000","service":"api-gateway","timestamp":"2026-09-15T18:28:02.860Z"}
{"level":"info","message":"Identity service is running on http://localhost:8000","service":"api-gateway","timestamp":"2026-09-15T18:28:02.868Z"}
{"level":"info","message":"Redis url : redis://localhost:6379","service":"api-gateway","timestamp":"2026-09-15T18:28:02.872Z"}
{"level":"info","message":"Api gateway is running on port 3000","service":"api-gateway","timestamp":"2026-09-15T18:34:23.016Z"}
{"level":"info","message":"Identity service is running on http://localhost:8000","service":"api-gateway","timestamp":"2026-09-15T18:34:23.026Z"}
{"level":"info","message":"Redis url : redis://localhost:6379","service":"api-gateway","timestamp":"2026-09-15T18:34:23.033Z"}
{"level":"info","message":"Api gateway is running on port 3000","service":"api-gateway","timestamp":"2026-09-15T18:49:43.066Z"}
{"level":"info","message":"Identity service is running on http://localhost:8000","service":"api-gateway","timestamp":"2026-09-15T18:49:43.072Z"}
{"level":"info","message":"Redis url : redis://localhost:6379","service":"api-gateway","timestamp":"2026-09-15T18:49:43.073Z"}
{"level":"info","message":"Api gateway is running on port 3000","service":"api-gateway","timestamp":"2026-09-16T11:35:23.587Z"}
{"level":"info","message":"Identity service is running on http://localhost:8000","service":"api-gateway","timestamp":"2026-09-16T11:35:23.594Z"}
{"level":"info","message":"Redis url : redis://localhost:6379","service":"api-gateway","timestamp":"2026-09-16T11:35:23.595Z"}
{"level":"info","message":"Api gateway is running on port 3000","service":"api-gateway","timestamp":"2026-09-16T11:39:17.078Z"}
{"level":"info","message":"Identity service is running on http://localhost:8000","service":"api-gateway","timestamp":"2026-09-16T11:39:17.086Z"}
{"level":"info","message":"Redis url : redis://localhost:6379","service":"api-gateway","timestamp":"2026-09-16T11:39:17.087Z"}
{"level":"info","message":"Api gateway is running on port 3000","service":"api-gateway","timestamp":"2026-09-16T11:40:51.806Z"}
{"level":"info","message":"Identity service is running on http://localhost:8000","service":"api-gateway","timestamp":"2026-09-16T11:40:51.816Z"}
{"level":"info","message":"Redis url : redis://localhost:6379","service":"api-gateway","timestamp":"2026-09-16T11:40:51.817Z"}
{"level":"info","message":"Api gateway is running on port 3000","service":"api-gateway","timestamp":"2026-09-18T04:45:11.175Z"}
{"level":"info","message":"Identity service is running on http://localhost:8000","service":"api-gateway","timestamp":"2026-09-18T04:45:11.182Z"}
{"level":"info","message":"Redis url : redis://localhost:6379","service":"api-gateway","timestamp":"2026-09-18T04:45:11.183Z"}
{"level":"info","message":"Api gateway is running on port 3000","service":"api-gateway","timestamp":"2026-09-18T04:55:45.187Z"}
{"level":"info","message":"Identity service is running on http://localhost:8000","service":"api-gateway","timestamp":"2026-09-18T04:55:45.194Z"}
{"level":"info","message":"Redis url : redis://localhost:6379","service":"api-gateway","timestamp":"2026-09-18T04:55:45.195Z"}
{"level":"info","message":"Api gateway is running on port 3000","service":"api-gateway","timestamp":"2026-09-18T05:37:01.050Z"}
{"level":"info","message":"Identity service is running on http://localhost:8000","service":"api-gateway","timestamp":"2026-09-18T05:37:01.057Z"}
{"level":"info","message":"Redis url : redis://localhost:6379","service":"api-gateway","timestamp":"2026-09-18T05:37:01.058Z"}
{"level":"info","message":"Api gateway is running on port 3000","service":"api-gateway","timestamp":"2026-09-18T06:27:07.790Z"}
{"level":"info","message":"Identity service is running on http://localhost:8000","service":"api-gateway","timestamp":"2026-09-18T06:27:07.797Z"}
{"level":"info","message":"Redis url : redis://localhost:6379","service":"api-gateway","timestamp":"2026-09-18T06:27:07.798Z"}
{"level":"info","message":"Api gateway is running on port 3000","service":"api-gateway","timestamp":"2026-09-18T06:27:09.706Z"}
{"level":"info","message":"Identity service is running on http://localhost:8000","service":"api-gateway","timestamp":"2026-09-18T06:27:09.714Z"}
{"level":"info","message":"Redis url : redis://localhost:6379","service":"api-gateway","timestamp":"2026-09-18T06:27:09.715Z"}
{"level":"info","message":"Api gateway is running on port 3000","service":"api-gateway","timestamp":"2026-09-18T06:27:42.312Z"}
{"level":"info","message":"Identity service is running on http://localhost:8000","service":"api-gateway","timestamp":"2026-09-18T06:27:42.319Z"}
{"level":"info","message":"Redis url : redis://localhost:6379","service":"api-gateway","timestamp":"2026-09-18T06:27:42.320Z"}
{"level":"info","message":"Api gateway is running on port 3000","service":"api-gateway","timestamp":"2026-09-18T06:27:43.938Z"}
{"level":"info","message":"Identity service is running on http://localhost:8000","service":"api-gateway","timestamp":"2026-09-18T06:27:43.946Z"}
{"level":"info","message":"Redis url : redis://localhost:6379","service":"api-gateway","timestamp":"2026-09-18T06:27:43.947Z"}
{"level":"info","message":"Api gateway is running on port 3000","service":"api-gateway","timestamp":"2026-09-18T06:29:55.185Z"}
{"level":"info","message":"Identity service is running on http://localhost:8000","service":"api-gateway","timestamp":"2026-09-18T06:29:55.193Z"}
{"level":"info","message":"Redis url : redis://localhost:6379","service":"api-gateway","timestamp":"2026-09-18T06:29:55.194Z"}
{"level":"info","message":"Api gateway is running on port 3000","service":"api-gateway","timestamp":"2026-09-18T06:29:57.250Z"}
{"level":"info","message":"Identity service is running on http://localhost:8000","service":"api-gateway","timestamp":"2026-09-18T06:29:57.257Z"}
{"level":"info","message":"Redis url : redis://localhost:6379","service":"api-gateway","timestamp":"2026-09-18T06:29:57.258Z"}
{"level":"info","message":"Api gateway is running on port 3000","service":"api-gateway","timestamp":"2026-09-18T07:06:44.069Z"}
{"level":"info","message":"Identity service is running on http://localhost:8000","service":"api-gateway","timestamp":"2026-09-18T07:06:44.072Z"}
{"level":"info","message":"Redis url : redis://localhost:6379","service":"api-gateway","timestamp":"2026-09-18T07:06:44.072Z"}
{"level":"info","message":"Api gateway is running on port 3000","service":"api-gateway","timestamp":"2026-09-18T07:06:45.980Z"}
{"level":"info","message":"Identity service is running on http://localhost:8000","service":"api-gateway","timestamp":"2026-09-18T07:06:45.983Z"}
{"level":"info","message":"Redis url : redis://localhost:6379","service":"api-gateway","timestamp":"2026-09-18T07:06:45.983Z"}
{"level":"info","message":"Api gateway is running on port 3000","service":"api-gateway","timestamp":"2026-09-18T07:07:00.148Z"}
{"level":"info","message":"Identity service is running on http://localhost:8000","service":"api-gateway","timestamp":"2026-09-18T07:07:00.151Z"}
{"level":"info","message":"Redis url : redis://localhost:6379","service":"api-gateway","timestamp":"2026-09-18T07:07:00.151Z"}
{"level":"info","message":"Api gateway is running on port 3000","service":"api-gateway","timestamp":"2026-09-18T07:07:01.777Z"}
{"level":"info","message":"Identity service is running on http://localhost:8000","service":"api-gateway","timestamp":"2026-09-18T07:07:01.780Z"}
{"level":"info","message":"Redis url : redis://localhost:6379","service":"api-gateway","timestamp":"2026-09-18T07:07:01.780Z"}
{"level":"info","message":"Api gateway is running on port 3000","service":"api-gateway","timestamp":"2026-09-18T07:13:51.246Z"}
{"level":"info","message":"Identity service is running on http://localhost:8000","service":"api-gateway","timestamp":"2026-09-18T07:13:51.249Z"}
{"level":"info","message":"Redis url : redis://localhost:6379","service":"api-gateway","timestamp":"2026-09-18T07:13:51.250Z"}
{"level":"info","message":"Api gateway is running on port 3000","service":"api-gateway","timestamp":"2026-09-18T07:13:52.920Z"}
{"level":"info","message":"Identity service is running on http://localhost:8000","service":"api-gateway","timestamp":"2026-09-18T07:13:52.924Z"}
{"level":"info","message":"Redis url : redis://localhost:6379","service":"api-gateway","timestamp":"2026-09-18T07:13:52.924Z"}
{"level":"info","message":"Api gateway is running on port 3000","service":"api-gateway","timestamp":"2026-09-18T07:14:06.296Z"}
{"level":"info","message":"Identity service is running on http://localhost:8000","service":"api-gateway","timestamp":"2026-09-18T07:14:06.299Z"}
{"level":"info","message":"Redis url : redis://localhost:6379","service":"api-gateway","timestamp":"2026-09-18T07:14:06.299Z"}
{"level":"info","message":"Api gateway is running on port 3000","service":"api-gateway","timestamp":"2026-09-18T07:14:07.711Z"}
{"level":"info","message":"Identity service is running on http://localhost:8000","service":"api-gateway","timestamp":"2026-09-18T07:14:07.714Z"}
{"level":"info","message":"Redis url : redis://localhost:6379","service":"api-gateway","timestamp":"2026-09-18T07:14:07.714Z"}
{"level":"info","message":"Api gateway is running on port 3000","service":"api-gateway","timestamp":"2026-09-18T07:14:58.297Z"}
{"level":"info","message":"Identity service is running on http://localhost:8000","service":"api-gateway","timestamp":"2026-09-18T07:14:58.301Z"}
{"level":"info","message":"Redis url : redis://localhost:6379","service":"api-gateway","timestamp":"2026-09-18T07:14:58.302Z"}
{"level":"info","message":"Api gateway is running on port 3000","service":"api-gateway","timestamp":"2026-09-18T07:18:15.052Z"}
{"level":"info","message":"Identity service is running on http://localhost:8000","service":"api-gateway","timestamp":"2026-09-18T07:18:15.056Z"}
{"level":"info","message":"Redis url : redis://localhost:6379","service":"api-gateway","timestamp":"2026-09-18T07:18:15.056Z"}
{"level":"info","message":"Api gateway is running on port 3000","service":"api-gateway","timestamp":"2026-09-18T08:51:32.695Z"}
{"level":"info","message":"Identity service is running on http://localhost:8000","service":"api-gateway","timestamp":"2026-09-18T08:51:32.698Z"}
{"level":"info","message":"Post service is running on port http://localhost:7000","service":"api-gateway","timestamp":"2026-09-18T08:51:32.698Z"}
{"level":"info","message":"Redis url : redis://localhost:6379","service":"api-gateway","timestamp":"2026-09-18T08:51:32.698Z"}
{"level":"info","message":"Api gateway is running on port 3000","service":"api-gateway","timestamp":"2026-09-18T15:51:50.191Z"}
{"level":"info","message":"Identity service is running on http://localhost:8000","service":"api-gateway","timestamp":"2026-09-18T15:51:50.196Z"}
{"level":"info","message":"Post service is running on port http://localhost:7000","service":"api-gateway","timestamp":"2026-09-18T15:51:50.197Z"}
{"level":"info","message":"Redis url : redis://localhost:6379","service":"api-gateway","timestamp":"2026-09-18T15:51:50.198Z"}
{"level":"info","message":"Recieved POST request to undefined","service":"api-gateway","timestamp":"2026-09-18T15:57:17.868Z"}
{"level":"info","message":"Request body [object Object]","service":"api-gateway","timestamp":"2026-09-18T15:57:17.868Z"}
{"level":"info","message":"Resoponse received from post service 200","service":"api-gateway","timestamp":"2026-09-18T15:57:18.212Z"}
{"level":"info","message":"Recieved POST request to undefined","service":"api-gateway","timestamp":"2026-09-18T15:57:51.511Z"}
{"level":"info","message":"Request body undefined","service":"api-gateway","timestamp":"2026-09-18T15:57:51.512Z"}
{"level":"info","message":"Resoponse received from post service 404","service":"api-gateway","timestamp":"2026-09-18T15:57:51.520Z"}
{"level":"info","message":"Recieved POST request to undefined","service":"api-gateway","timestamp":"2026-09-18T15:58:31.034Z"}
{"level":"info","message":"Request body undefined","service":"api-gateway","timestamp":"2026-09-18T15:58:31.034Z"}
{"level":"error","message":"JsonWebTokenError: jwt malformed\n    at module.exports [as verify] (C:\\Users\\Saptarshi\\OneDrive\\Documents\\Study Material\\Framework\\SM\\Advanced\\Event_Loop_One\\social-media-microservices\\api-gateway\\node_modules\\jsonwebtoken\\verify.js:70:17)\n    at validateToken (C:\\Users\\Saptarshi\\OneDrive\\Documents\\Study Material\\Framework\\SM\\Advanced\\Event_Loop_One\\social-media-microservices\\api-gateway\\src\\middleware\\authMiddleware.js:16:9)\n    at Layer.handleRequest (C:\\Users\\Saptarshi\\OneDrive\\Documents\\Study Material\\Framework\\SM\\Advanced\\Event_Loop_One\\social-media-microservices\\api-gateway\\node_modules\\router\\lib\\layer.js:152:17)\n    at trimPrefix (C:\\Users\\Saptarshi\\OneDrive\\Documents\\Study Material\\Framework\\SM\\Advanced\\Event_Loop_One\\social-media-microservices\\api-gateway\\node_modules\\router\\index.js:342:13)\n    at C:\\Users\\Saptarshi\\OneDrive\\Documents\\Study Material\\Framework\\SM\\Advanced\\Event_Loop_One\\social-media-microservices\\api-gateway\\node_modules\\router\\index.js:297:9\n    at processParams (C:\\Users\\Saptarshi\\OneDrive\\Documents\\Study Material\\Framework\\SM\\Advanced\\Event_Loop_One\\social-media-microservices\\api-gateway\\node_modules\\router\\index.js:582:12)\n    at next (C:\\Users\\Saptarshi\\OneDrive\\Documents\\Study Material\\Framework\\SM\\Advanced\\Event_Loop_One\\social-media-microservices\\api-gateway\\node_modules\\router\\index.js:291:5)\n    at C:\\Users\\Saptarshi\\OneDrive\\Documents\\Study Material\\Framework\\SM\\Advanced\\Event_Loop_One\\social-media-microservices\\api-gateway\\src\\server.js:53:5\n    at Layer.handleRequest (C:\\Users\\Saptarshi\\OneDrive\\Documents\\Study Material\\Framework\\SM\\Advanced\\Event_Loop_One\\social-media-microservices\\api-gateway\\node_modules\\router\\lib\\layer.js:152:17)\n    at trimPrefix (C:\\Users\\Saptarshi\\OneDrive\\Documents\\Study Material\\Framework\\SM\\Advanced\\Event_Loop_One\\social-media-microservices\\api-gateway\\node_modules\\router\\index.js:342:13)","service":"api-gateway","timestamp":"2026-09-18T15:58:31.035Z"}
{"level":"info","message":"Recieved POST request to undefined","service":"api-gateway","timestamp":"2026-09-18T15:59:31.293Z"}
{"level":"info","message":"Request body undefined","service":"api-gateway","timestamp":"2026-09-18T15:59:31.294Z"}
{"level":"error","message":"JsonWebTokenError: jwt malformed\n    at module.exports [as verify] (C:\\Users\\Saptarshi\\OneDrive\\Documents\\Study Material\\Framework\\SM\\Advanced\\Event_Loop_One\\social-media-microservices\\api-gateway\\node_modules\\jsonwebtoken\\verify.js:70:17)\n    at validateToken (C:\\Users\\Saptarshi\\OneDrive\\Documents\\Study Material\\Framework\\SM\\Advanced\\Event_Loop_One\\social-media-microservices\\api-gateway\\src\\middleware\\authMiddleware.js:16:9)\n    at Layer.handleRequest (C:\\Users\\Saptarshi\\OneDrive\\Documents\\Study Material\\Framework\\SM\\Advanced\\Event_Loop_One\\social-media-microservices\\api-gateway\\node_modules\\router\\lib\\layer.js:152:17)\n    at trimPrefix (C:\\Users\\Saptarshi\\OneDrive\\Documents\\Study Material\\Framework\\SM\\Advanced\\Event_Loop_One\\social-media-microservices\\api-gateway\\node_modules\\router\\index.js:342:13)\n    at C:\\Users\\Saptarshi\\OneDrive\\Documents\\Study Material\\Framework\\SM\\Advanced\\Event_Loop_One\\social-media-microservices\\api-gateway\\node_modules\\router\\index.js:297:9\n    at processParams (C:\\Users\\Saptarshi\\OneDrive\\Documents\\Study Material\\Framework\\SM\\Advanced\\Event_Loop_One\\social-media-microservices\\api-gateway\\node_modules\\router\\index.js:582:12)\n    at next (C:\\Users\\Saptarshi\\OneDrive\\Documents\\Study Material\\Framework\\SM\\Advanced\\Event_Loop_One\\social-media-microservices\\api-gateway\\node_modules\\router\\index.js:291:5)\n    at C:\\Users\\Saptarshi\\OneDrive\\Documents\\Study Material\\Framework\\SM\\Advanced\\Event_Loop_One\\social-media-microservices\\api-gateway\\src\\server.js:53:5\n    at Layer.handleRequest (C:\\Users\\Saptarshi\\OneDrive\\Documents\\Study Material\\Framework\\SM\\Advanced\\Event_Loop_One\\social-media-microservices\\api-gateway\\node_modules\\router\\lib\\layer.js:152:17)\n    at trimPrefix (C:\\Users\\Saptarshi\\OneDrive\\Documents\\Study Material\\Framework\\SM\\Advanced\\Event_Loop_One\\social-media-microservices\\api-gateway\\node_modules\\router\\index.js:342:13)","service":"api-gateway","timestamp":"2026-09-18T15:59:31.294Z"}
{"level":"info","message":"Api gateway is running on port 3000","service":"api-gateway","timestamp":"2026-09-18T16:00:33.446Z"}
{"level":"info","message":"Identity service is running on http://localhost:8000","service":"api-gateway","timestamp":"2026-09-18T16:00:33.449Z"}
{"level":"info","message":"Post service is running on port http://localhost:7000","service":"api-gateway","timestamp":"2026-09-18T16:00:33.450Z"}
{"level":"info","message":"Redis url : redis://localhost:6379","service":"api-gateway","timestamp":"2026-09-18T16:00:33.450Z"}
{"level":"info","message":"Recieved POST request to undefined","service":"api-gateway","timestamp":"2026-09-18T16:00:41.417Z"}
{"level":"info","message":"Request body undefined","service":"api-gateway","timestamp":"2026-09-18T16:00:41.417Z"}
{"level":"error","message":"JsonWebTokenError: jwt malformed\n    at module.exports [as verify] (C:\\Users\\Saptarshi\\OneDrive\\Documents\\Study Material\\Framework\\SM\\Advanced\\Event_Loop_One\\social-media-microservices\\api-gateway\\node_modules\\jsonwebtoken\\verify.js:70:17)\n    at validateToken (C:\\Users\\Saptarshi\\OneDrive\\Documents\\Study Material\\Framework\\SM\\Advanced\\Event_Loop_One\\social-media-microservices\\api-gateway\\src\\middleware\\authMiddleware.js:16:9)\n    at Layer.handleRequest (C:\\Users\\Saptarshi\\OneDrive\\Documents\\Study Material\\Framework\\SM\\Advanced\\Event_Loop_One\\social-media-microservices\\api-gateway\\node_modules\\router\\lib\\layer.js:152:17)\n    at trimPrefix (C:\\Users\\Saptarshi\\OneDrive\\Documents\\Study Material\\Framework\\SM\\Advanced\\Event_Loop_One\\social-media-microservices\\api-gateway\\node_modules\\router\\index.js:342:13)\n    at C:\\Users\\Saptarshi\\OneDrive\\Documents\\Study Material\\Framework\\SM\\Advanced\\Event_Loop_One\\social-media-microservices\\api-gateway\\node_modules\\router\\index.js:297:9\n    at processParams (C:\\Users\\Saptarshi\\OneDrive\\Documents\\Study Material\\Framework\\SM\\Advanced\\Event_Loop_One\\social-media-microservices\\api-gateway\\node_modules\\router\\index.js:582:12)\n    at next (C:\\Users\\Saptarshi\\OneDrive\\Documents\\Study Material\\Framework\\SM\\Advanced\\Event_Loop_One\\social-media-microservices\\api-gateway\\node_modules\\router\\index.js:291:5)\n    at C:\\Users\\Saptarshi\\OneDrive\\Documents\\Study Material\\Framework\\SM\\Advanced\\Event_Loop_One\\social-media-microservices\\api-gateway\\src\\server.js:53:5\n    at Layer.handleRequest (C:\\Users\\Saptarshi\\OneDrive\\Documents\\Study Material\\Framework\\SM\\Advanced\\Event_Loop_One\\social-media-microservices\\api-gateway\\node_modules\\router\\lib\\layer.js:152:17)\n    at trimPrefix (C:\\Users\\Saptarshi\\OneDrive\\Documents\\Study Material\\Framework\\SM\\Advanced\\Event_Loop_One\\social-media-microservices\\api-gateway\\node_modules\\router\\index.js:342:13)","service":"api-gateway","timestamp":"2026-09-18T16:00:41.418Z"}
{"level":"info","message":"Recieved POST request to undefined","service":"api-gateway","timestamp":"2026-09-18T16:00:43.496Z"}
{"level":"info","message":"Request body undefined","service":"api-gateway","timestamp":"2026-09-18T16:00:43.496Z"}
{"level":"error","message":"JsonWebTokenError: jwt malformed\n    at module.exports [as verify] (C:\\Users\\Saptarshi\\OneDrive\\Documents\\Study Material\\Framework\\SM\\Advanced\\Event_Loop_One\\social-media-microservices\\api-gateway\\node_modules\\jsonwebtoken\\verify.js:70:17)\n    at validateToken (C:\\Users\\Saptarshi\\OneDrive\\Documents\\Study Material\\Framework\\SM\\Advanced\\Event_Loop_One\\social-media-microservices\\api-gateway\\src\\middleware\\authMiddleware.js:16:9)\n    at Layer.handleRequest (C:\\Users\\Saptarshi\\OneDrive\\Documents\\Study Material\\Framework\\SM\\Advanced\\Event_Loop_One\\social-media-microservices\\api-gateway\\node_modules\\router\\lib\\layer.js:152:17)\n    at trimPrefix (C:\\Users\\Saptarshi\\OneDrive\\Documents\\Study Material\\Framework\\SM\\Advanced\\Event_Loop_One\\social-media-microservices\\api-gateway\\node_modules\\router\\index.js:342:13)\n    at C:\\Users\\Saptarshi\\OneDrive\\Documents\\Study Material\\Framework\\SM\\Advanced\\Event_Loop_One\\social-media-microservices\\api-gateway\\node_modules\\router\\index.js:297:9\n    at processParams (C:\\Users\\Saptarshi\\OneDrive\\Documents\\Study Material\\Framework\\SM\\Advanced\\Event_Loop_One\\social-media-microservices\\api-gateway\\node_modules\\router\\index.js:582:12)\n    at next (C:\\Users\\Saptarshi\\OneDrive\\Documents\\Study Material\\Framework\\SM\\Advanced\\Event_Loop_One\\social-media-microservices\\api-gateway\\node_modules\\router\\index.js:291:5)\n    at C:\\Users\\Saptarshi\\OneDrive\\Documents\\Study Material\\Framework\\SM\\Advanced\\Event_Loop_One\\social-media-microservices\\api-gateway\\src\\server.js:53:5\n    at Layer.handleRequest (C:\\Users\\Saptarshi\\OneDrive\\Documents\\Study Material\\Framework\\SM\\Advanced\\Event_Loop_One\\social-media-microservices\\api-gateway\\node_modules\\router\\lib\\layer.js:152:17)\n    at trimPrefix (C:\\Users\\Saptarshi\\OneDrive\\Documents\\Study Material\\Framework\\SM\\Advanced\\Event_Loop_One\\social-media-microservices\\api-gateway\\node_modules\\router\\index.js:342:13)","service":"api-gateway","timestamp":"2026-09-18T16:00:43.497Z"}
{"level":"info","message":"Api gateway is running on port 3000","service":"api-gateway","timestamp":"2026-09-18T16:01:10.605Z"}
{"level":"info","message":"Identity service is running on http://localhost:8000","service":"api-gateway","timestamp":"2026-09-18T16:01:10.608Z"}
{"level":"info","message":"Post service is running on port http://localhost:7000","service":"api-gateway","timestamp":"2026-09-18T16:01:10.608Z"}
{"level":"info","message":"Redis url : redis://localhost:6379","service":"api-gateway","timestamp":"2026-09-18T16:01:10.608Z"}
{"level":"info","message":"Recieved POST request to undefined","service":"api-gateway","timestamp":"2026-09-18T16:01:14.633Z"}
{"level":"info","message":"Request body undefined","service":"api-gateway","timestamp":"2026-09-18T16:01:14.634Z"}
{"level":"error","message":"JsonWebTokenError: jwt malformed\n    at module.exports [as verify] (C:\\Users\\Saptarshi\\OneDrive\\Documents\\Study Material\\Framework\\SM\\Advanced\\Event_Loop_One\\social-media-microservices\\api-gateway\\node_modules\\jsonwebtoken\\verify.js:70:17)\n    at validateToken (C:\\Users\\Saptarshi\\OneDrive\\Documents\\Study Material\\Framework\\SM\\Advanced\\Event_Loop_One\\social-media-microservices\\api-gateway\\src\\middleware\\authMiddleware.js:16:9)\n    at Layer.handleRequest (C:\\Users\\Saptarshi\\OneDrive\\Documents\\Study Material\\Framework\\SM\\Advanced\\Event_Loop_One\\social-media-microservices\\api-gateway\\node_modules\\router\\lib\\layer.js:152:17)\n    at trimPrefix (C:\\Users\\Saptarshi\\OneDrive\\Documents\\Study Material\\Framework\\SM\\Advanced\\Event_Loop_One\\social-media-microservices\\api-gateway\\node_modules\\router\\index.js:342:13)\n    at C:\\Users\\Saptarshi\\OneDrive\\Documents\\Study Material\\Framework\\SM\\Advanced\\Event_Loop_One\\social-media-microservices\\api-gateway\\node_modules\\router\\index.js:297:9\n    at processParams (C:\\Users\\Saptarshi\\OneDrive\\Documents\\Study Material\\Framework\\SM\\Advanced\\Event_Loop_One\\social-media-microservices\\api-gateway\\node_modules\\router\\index.js:582:12)\n    at next (C:\\Users\\Saptarshi\\OneDrive\\Documents\\Study Material\\Framework\\SM\\Advanced\\Event_Loop_One\\social-media-microservices\\api-gateway\\node_modules\\router\\index.js:291:5)\n    at C:\\Users\\Saptarshi\\OneDrive\\Documents\\Study Material\\Framework\\SM\\Advanced\\Event_Loop_One\\social-media-microservices\\api-gateway\\src\\server.js:53:5\n    at Layer.handleRequest (C:\\Users\\Saptarshi\\OneDrive\\Documents\\Study Material\\Framework\\SM\\Advanced\\Event_Loop_One\\social-media-microservices\\api-gateway\\node_modules\\router\\lib\\layer.js:152:17)\n    at trimPrefix (C:\\Users\\Saptarshi\\OneDrive\\Documents\\Study Material\\Framework\\SM\\Advanced\\Event_Loop_One\\social-media-microservices\\api-gateway\\node_modules\\router\\index.js:342:13)","service":"api-gateway","timestamp":"2026-09-18T16:01:14.635Z"}
{"level":"info","message":"Api gateway is running on port 3000","service":"api-gateway","timestamp":"2026-09-18T16:01:54.426Z"}
{"level":"info","message":"Identity service is running on http://localhost:8000","service":"api-gateway","timestamp":"2026-09-18T16:01:54.429Z"}
{"level":"info","message":"Post service is running on port http://localhost:7000","service":"api-gateway","timestamp":"2026-09-18T16:01:54.430Z"}
{"level":"info","message":"Redis url : redis://localhost:6379","service":"api-gateway","timestamp":"2026-09-18T16:01:54.430Z"}
{"level":"info","message":"Recieved POST request to undefined","service":"api-gateway","timestamp":"2026-09-18T16:02:01.107Z"}
{"level":"info","message":"Request body undefined","service":"api-gateway","timestamp":"2026-09-18T16:02:01.108Z"}
{"level":"error","message":"JsonWebTokenError: jwt malformed\n    at module.exports [as verify] (C:\\Users\\Saptarshi\\OneDrive\\Documents\\Study Material\\Framework\\SM\\Advanced\\Event_Loop_One\\social-media-microservices\\api-gateway\\node_modules\\jsonwebtoken\\verify.js:70:17)\n    at validateToken (C:\\Users\\Saptarshi\\OneDrive\\Documents\\Study Material\\Framework\\SM\\Advanced\\Event_Loop_One\\social-media-microservices\\api-gateway\\src\\middleware\\authMiddleware.js:16:9)\n    at Layer.handleRequest (C:\\Users\\Saptarshi\\OneDrive\\Documents\\Study Material\\Framework\\SM\\Advanced\\Event_Loop_One\\social-media-microservices\\api-gateway\\node_modules\\router\\lib\\layer.js:152:17)\n    at trimPrefix (C:\\Users\\Saptarshi\\OneDrive\\Documents\\Study Material\\Framework\\SM\\Advanced\\Event_Loop_One\\social-media-microservices\\api-gateway\\node_modules\\router\\index.js:342:13)\n    at C:\\Users\\Saptarshi\\OneDrive\\Documents\\Study Material\\Framework\\SM\\Advanced\\Event_Loop_One\\social-media-microservices\\api-gateway\\node_modules\\router\\index.js:297:9\n    at processParams (C:\\Users\\Saptarshi\\OneDrive\\Documents\\Study Material\\Framework\\SM\\Advanced\\Event_Loop_One\\social-media-microservices\\api-gateway\\node_modules\\router\\index.js:582:12)\n    at next (C:\\Users\\Saptarshi\\OneDrive\\Documents\\Study Material\\Framework\\SM\\Advanced\\Event_Loop_One\\social-media-microservices\\api-gateway\\node_modules\\router\\index.js:291:5)\n    at C:\\Users\\Saptarshi\\OneDrive\\Documents\\Study Material\\Framework\\SM\\Advanced\\Event_Loop_One\\social-media-microservices\\api-gateway\\src\\server.js:53:5\n    at Layer.handleRequest (C:\\Users\\Saptarshi\\OneDrive\\Documents\\Study Material\\Framework\\SM\\Advanced\\Event_Loop_One\\social-media-microservices\\api-gateway\\node_modules\\router\\lib\\layer.js:152:17)\n    at trimPrefix (C:\\Users\\Saptarshi\\OneDrive\\Documents\\Study Material\\Framework\\SM\\Advanced\\Event_Loop_One\\social-media-microservices\\api-gateway\\node_modules\\router\\index.js:342:13)","service":"api-gateway","timestamp":"2026-09-18T16:02:01.109Z"}
{"level":"info","message":"Recieved POST request to undefined","service":"api-gateway","timestamp":"2026-09-18T16:02:02.802Z"}
{"level":"info","message":"Request body undefined","service":"api-gateway","timestamp":"2026-09-18T16:02:02.802Z"}
{"level":"error","message":"JsonWebTokenError: jwt malformed\n    at module.exports [as verify] (C:\\Users\\Saptarshi\\OneDrive\\Documents\\Study Material\\Framework\\SM\\Advanced\\Event_Loop_One\\social-media-microservices\\api-gateway\\node_modules\\jsonwebtoken\\verify.js:70:17)\n    at validateToken (C:\\Users\\Saptarshi\\OneDrive\\Documents\\Study Material\\Framework\\SM\\Advanced\\Event_Loop_One\\social-media-microservices\\api-gateway\\src\\middleware\\authMiddleware.js:16:9)\n    at Layer.handleRequest (C:\\Users\\Saptarshi\\OneDrive\\Documents\\Study Material\\Framework\\SM\\Advanced\\Event_Loop_One\\social-media-microservices\\api-gateway\\node_modules\\router\\lib\\layer.js:152:17)\n    at trimPrefix (C:\\Users\\Saptarshi\\OneDrive\\Documents\\Study Material\\Framework\\SM\\Advanced\\Event_Loop_One\\social-media-microservices\\api-gateway\\node_modules\\router\\index.js:342:13)\n    at C:\\Users\\Saptarshi\\OneDrive\\Documents\\Study Material\\Framework\\SM\\Advanced\\Event_Loop_One\\social-media-microservices\\api-gateway\\node_modules\\router\\index.js:297:9\n    at processParams (C:\\Users\\Saptarshi\\OneDrive\\Documents\\Study Material\\Framework\\SM\\Advanced\\Event_Loop_One\\social-media-microservices\\api-gateway\\node_modules\\router\\index.js:582:12)\n    at next (C:\\Users\\Saptarshi\\OneDrive\\Documents\\Study Material\\Framework\\SM\\Advanced\\Event_Loop_One\\social-media-microservices\\api-gateway\\node_modules\\router\\index.js:291:5)\n    at C:\\Users\\Saptarshi\\OneDrive\\Documents\\Study Material\\Framework\\SM\\Advanced\\Event_Loop_One\\social-media-microservices\\api-gateway\\src\\server.js:53:5\n    at Layer.handleRequest (C:\\Users\\Saptarshi\\OneDrive\\Documents\\Study Material\\Framework\\SM\\Advanced\\Event_Loop_One\\social-media-microservices\\api-gateway\\node_modules\\router\\lib\\layer.js:152:17)\n    at trimPrefix (C:\\Users\\Saptarshi\\OneDrive\\Documents\\Study Material\\Framework\\SM\\Advanced\\Event_Loop_One\\social-media-microservices\\api-gateway\\node_modules\\router\\index.js:342:13)","service":"api-gateway","timestamp":"2026-09-18T16:02:02.803Z"}
{"level":"info","message":"Api gateway is running on port 3000","service":"api-gateway","timestamp":"2026-09-18T16:02:24.156Z"}
{"level":"info","message":"Identity service is running on http://localhost:8000","service":"api-gateway","timestamp":"2026-09-18T16:02:24.159Z"}
{"level":"info","message":"Post service is running on port http://localhost:7000","service":"api-gateway","timestamp":"2026-09-18T16:02:24.160Z"}
{"level":"info","message":"Redis url : redis://localhost:6379","service":"api-gateway","timestamp":"2026-09-18T16:02:24.160Z"}
{"level":"info","message":"Api gateway is running on port 3000","service":"api-gateway","timestamp":"2026-09-18T16:04:15.425Z"}
{"level":"info","message":"Identity service is running on http://localhost:8000","service":"api-gateway","timestamp":"2026-09-18T16:04:15.430Z"}
{"level":"info","message":"Post service is running on port http://localhost:7000","service":"api-gateway","timestamp":"2026-09-18T16:04:15.431Z"}
{"level":"info","message":"Redis url : redis://localhost:6379","service":"api-gateway","timestamp":"2026-09-18T16:04:15.431Z"}
{"level":"info","message":"Recieved POST request to undefined","service":"api-gateway","timestamp":"2026-09-18T16:04:18.779Z"}
{"level":"info","message":"Request body undefined","service":"api-gateway","timestamp":"2026-09-18T16:04:18.780Z"}
{"level":"warn","message":"Access attempt without valid token","service":"api-gateway","timestamp":"2026-09-18T16:04:18.780Z"}
{"level":"info","message":"Recieved POST request to undefined","service":"api-gateway","timestamp":"2026-09-18T16:04:31.267Z"}
{"level":"info","message":"Request body [object Object]","service":"api-gateway","timestamp":"2026-09-18T16:04:31.267Z"}
{"level":"info","message":"Resoponse received from post service 200","service":"api-gateway","timestamp":"2026-09-18T16:04:31.353Z"}
{"level":"info","message":"Recieved POST request to undefined","service":"api-gateway","timestamp":"2026-09-18T16:04:45.933Z"}
{"level":"info","message":"Request body undefined","service":"api-gateway","timestamp":"2026-09-18T16:04:45.933Z"}
{"level":"warn","message":"Access attempt without valid token","service":"api-gateway","timestamp":"2026-09-18T16:04:45.933Z"}
{"level":"info","message":"Api gateway is running on port 3000","service":"api-gateway","timestamp":"2026-09-18T16:05:15.612Z"}
{"level":"info","message":"Identity service is running on http://localhost:8000","service":"api-gateway","timestamp":"2026-09-18T16:05:15.616Z"}
{"level":"info","message":"Post service is running on port http://localhost:7000","service":"api-gateway","timestamp":"2026-09-18T16:05:15.616Z"}
{"level":"info","message":"Redis url : redis://localhost:6379","service":"api-gateway","timestamp":"2026-09-18T16:05:15.616Z"}
{"level":"info","message":"Recieved POST request to undefined","service":"api-gateway","timestamp":"2026-09-18T16:05:18.454Z"}
{"level":"info","message":"Request body undefined","service":"api-gateway","timestamp":"2026-09-18T16:05:18.455Z"}
{"level":"error","message":"JsonWebTokenError: jwt malformed\n    at module.exports [as verify] (C:\\Users\\Saptarshi\\OneDrive\\Documents\\Study Material\\Framework\\SM\\Advanced\\Event_Loop_One\\social-media-microservices\\api-gateway\\node_modules\\jsonwebtoken\\verify.js:70:17)\n    at validateToken (C:\\Users\\Saptarshi\\OneDrive\\Documents\\Study Material\\Framework\\SM\\Advanced\\Event_Loop_One\\social-media-microservices\\api-gateway\\src\\middleware\\authMiddleware.js:16:9)\n    at Layer.handleRequest (C:\\Users\\Saptarshi\\OneDrive\\Documents\\Study Material\\Framework\\SM\\Advanced\\Event_Loop_One\\social-media-microservices\\api-gateway\\node_modules\\router\\lib\\layer.js:152:17)\n    at trimPrefix (C:\\Users\\Saptarshi\\OneDrive\\Documents\\Study Material\\Framework\\SM\\Advanced\\Event_Loop_One\\social-media-microservices\\api-gateway\\node_modules\\router\\index.js:342:13)\n    at C:\\Users\\Saptarshi\\OneDrive\\Documents\\Study Material\\Framework\\SM\\Advanced\\Event_Loop_One\\social-media-microservices\\api-gateway\\node_modules\\router\\index.js:297:9\n    at processParams (C:\\Users\\Saptarshi\\OneDrive\\Documents\\Study Material\\Framework\\SM\\Advanced\\Event_Loop_One\\social-media-microservices\\api-gateway\\node_modules\\router\\index.js:582:12)\n    at next (C:\\Users\\Saptarshi\\OneDrive\\Documents\\Study Material\\Framework\\SM\\Advanced\\Event_Loop_One\\social-media-microservices\\api-gateway\\node_modules\\router\\index.js:291:5)\n    at C:\\Users\\Saptarshi\\OneDrive\\Documents\\Study Material\\Framework\\SM\\Advanced\\Event_Loop_One\\social-media-microservices\\api-gateway\\src\\server.js:53:5\n    at Layer.handleRequest (C:\\Users\\Saptarshi\\OneDrive\\Documents\\Study Material\\Framework\\SM\\Advanced\\Event_Loop_One\\social-media-microservices\\api-gateway\\node_modules\\router\\lib\\layer.js:152:17)\n    at trimPrefix (C:\\Users\\Saptarshi\\OneDrive\\Documents\\Study Material\\Framework\\SM\\Advanced\\Event_Loop_One\\social-media-microservices\\api-gateway\\node_modules\\router\\index.js:342:13)","service":"api-gateway","timestamp":"2026-09-18T16:05:18.455Z"}
{"level":"info","message":"Api gateway is running on port 3000","service":"api-gateway","timestamp":"2026-09-18T16:09:09.460Z"}
{"level":"info","message":"Identity service is running on http://localhost:8000","service":"api-gateway","timestamp":"2026-09-18T16:09:09.463Z"}
{"level":"info","message":"Post service is running on port http://localhost:7000","service":"api-gateway","timestamp":"2026-09-18T16:09:09.464Z"}
{"level":"info","message":"Redis url : redis://localhost:6379","service":"api-gateway","timestamp":"2026-09-18T16:09:09.464Z"}
{"level":"info","message":"Recieved POST request to undefined","service":"api-gateway","timestamp":"2026-09-18T16:10:55.750Z"}
{"level":"info","message":"Request body undefined","service":"api-gateway","timestamp":"2026-09-18T16:10:55.750Z"}
{"level":"info","message":"Response received from Post service: 404","service":"api-gateway","timestamp":"2026-09-18T16:10:56.000Z"}
{"level":"info","message":"Recieved POST request to undefined","service":"api-gateway","timestamp":"2026-09-18T16:11:59.482Z"}
{"level":"info","message":"Request body undefined","service":"api-gateway","timestamp":"2026-09-18T16:11:59.483Z"}
{"level":"info","message":"Response received from Post service: 500","service":"api-gateway","timestamp":"2026-09-18T16:11:59.502Z"}
{"level":"info","message":"Recieved POST request to undefined","service":"api-gateway","timestamp":"2026-09-18T16:13:16.066Z"}
{"level":"info","message":"Request body [object Object]","service":"api-gateway","timestamp":"2026-09-18T16:13:16.066Z"}
{"level":"info","message":"Response received from Post service: 201","service":"api-gateway","timestamp":"2026-09-18T16:13:16.084Z"}
{"level":"info","message":"Api gateway is running on port 3000","service":"api-gateway","timestamp":"2026-09-19T15:06:04.778Z"}
{"level":"info","message":"Identity service is running on http://localhost:8000","service":"api-gateway","timestamp":"2026-09-19T15:06:04.784Z"}
{"level":"info","message":"Post service is running on port http://localhost:7000","service":"api-gateway","timestamp":"2026-09-19T15:06:04.785Z"}
{"level":"info","message":"Redis url : redis://localhost:6379","service":"api-gateway","timestamp":"2026-09-19T15:06:04.786Z"}
{"level":"info","message":"Recieved POST request to undefined","service":"api-gateway","timestamp":"2026-09-19T19:17:07.656Z"}
{"level":"info","message":"Request body [object Object]","service":"api-gateway","timestamp":"2026-09-19T19:17:07.658Z"}
{"level":"info","message":"Resoponse received from post service 200","service":"api-gateway","timestamp":"2026-09-19T19:17:08.307Z"}
{"level":"info","message":"Recieved POST request to undefined","service":"api-gateway","timestamp":"2026-09-19T19:19:12.610Z"}
{"level":"info","message":"Request body [object Object]","service":"api-gateway","timestamp":"2026-09-19T19:19:12.611Z"}
{"level":"info","message":"Response received from Post service: 201","service":"api-gateway","timestamp":"2026-09-19T19:19:13.051Z"}
{"level":"info","message":"Recieved POST request to undefined","service":"api-gateway","timestamp":"2026-09-19T19:19:19.784Z"}
{"level":"info","message":"Request body [object Object]","service":"api-gateway","timestamp":"2026-09-19T19:19:19.784Z"}
{"level":"info","message":"Response received from Post service: 201","service":"api-gateway","timestamp":"2026-09-19T19:19:19.806Z"}
{"level":"info","message":"Recieved POST request to undefined","service":"api-gateway","timestamp":"2026-09-19T19:19:27.959Z"}
{"level":"info","message":"Request body [object Object]","service":"api-gateway","timestamp":"2026-09-19T19:19:27.960Z"}
{"level":"info","message":"Response received from Post service: 201","service":"api-gateway","timestamp":"2026-09-19T19:19:27.986Z"}
{"level":"info","message":"Recieved POST request to undefined","service":"api-gateway","timestamp":"2026-09-19T19:19:33.588Z"}
{"level":"info","message":"Request body [object Object]","service":"api-gateway","timestamp":"2026-09-19T19:19:33.589Z"}
{"level":"info","message":"Response received from Post service: 201","service":"api-gateway","timestamp":"2026-09-19T19:19:33.611Z"}
{"level":"info","message":"Recieved POST request to undefined","service":"api-gateway","timestamp":"2026-09-19T19:19:38.983Z"}
{"level":"info","message":"Request body [object Object]","service":"api-gateway","timestamp":"2026-09-19T19:19:38.983Z"}
{"level":"info","message":"Response received from Post service: 201","service":"api-gateway","timestamp":"2026-09-19T19:19:39.002Z"}
{"level":"info","message":"Recieved POST request to undefined","service":"api-gateway","timestamp":"2026-09-19T19:19:44.625Z"}
{"level":"info","message":"Request body [object Object]","service":"api-gateway","timestamp":"2026-09-19T19:19:44.626Z"}
{"level":"info","message":"Response received from Post service: 201","service":"api-gateway","timestamp":"2026-09-19T19:19:44.647Z"}
{"level":"info","message":"Recieved POST request to undefined","service":"api-gateway","timestamp":"2026-09-19T19:19:51.003Z"}
{"level":"info","message":"Request body [object Object]","service":"api-gateway","timestamp":"2026-09-19T19:19:51.004Z"}
{"level":"info","message":"Response received from Post service: 201","service":"api-gateway","timestamp":"2026-09-19T19:19:51.029Z"}
{"level":"info","message":"Recieved POST request to undefined","service":"api-gateway","timestamp":"2026-09-19T19:19:57.243Z"}
{"level":"info","message":"Request body [object Object]","service":"api-gateway","timestamp":"2026-09-19T19:19:57.244Z"}
{"level":"info","message":"Response received from Post service: 201","service":"api-gateway","timestamp":"2026-09-19T19:19:57.264Z"}
{"level":"info","message":"Recieved POST request to undefined","service":"api-gateway","timestamp":"2026-09-19T19:20:03.107Z"}
{"level":"info","message":"Request body [object Object]","service":"api-gateway","timestamp":"2026-09-19T19:20:03.108Z"}
{"level":"info","message":"Response received from Post service: 201","service":"api-gateway","timestamp":"2026-09-19T19:20:03.137Z"}
{"level":"info","message":"Recieved GET request to undefined","service":"api-gateway","timestamp":"2026-09-19T19:20:14.395Z"}
{"level":"info","message":"Request body undefined","service":"api-gateway","timestamp":"2026-09-19T19:20:14.395Z"}
{"level":"info","message":"Response received from Post service: 404","service":"api-gateway","timestamp":"2026-09-19T19:20:14.413Z"}
{"level":"info","message":"Recieved GET request to undefined","service":"api-gateway","timestamp":"2026-09-19T19:20:21.637Z"}
{"level":"info","message":"Request body undefined","service":"api-gateway","timestamp":"2026-09-19T19:20:21.638Z"}
{"level":"info","message":"Response received from Post service: 404","service":"api-gateway","timestamp":"2026-09-19T19:20:21.649Z"}
{"level":"info","message":"Recieved GET request to undefined","service":"api-gateway","timestamp":"2026-09-19T19:20:50.402Z"}
{"level":"info","message":"Request body undefined","service":"api-gateway","timestamp":"2026-09-19T19:20:50.403Z"}
{"level":"info","message":"Response received from Post service: 404","service":"api-gateway","timestamp":"2026-09-19T19:20:50.412Z"}
{"level":"info","message":"Recieved GET request to undefined","service":"api-gateway","timestamp":"2026-09-19T19:21:15.325Z"}
{"level":"info","message":"Request body undefined","service":"api-gateway","timestamp":"2026-09-19T19:21:15.326Z"}
{"level":"info","message":"Response received from Post service: 404","service":"api-gateway","timestamp":"2026-09-19T19:21:15.387Z"}
{"level":"info","message":"Recieved GET request to undefined","service":"api-gateway","timestamp":"2026-09-19T19:22:06.734Z"}
{"level":"info","message":"Request body undefined","service":"api-gateway","timestamp":"2026-09-19T19:22:06.735Z"}
{"level":"info","message":"Response received from Post service: 404","service":"api-gateway","timestamp":"2026-09-19T19:22:06.803Z"}
{"level":"info","message":"Recieved GET request to undefined","service":"api-gateway","timestamp":"2026-09-19T19:23:31.518Z"}
{"level":"info","message":"Request body undefined","service":"api-gateway","timestamp":"2026-09-19T19:23:31.518Z"}
{"level":"error","message":"Error message ","service":"api-gateway","timestamp":"2026-09-19T19:23:31.524Z"}
{"level":"info","message":"Recieved GET request to undefined","service":"api-gateway","timestamp":"2026-09-19T19:28:29.531Z"}
{"level":"info","message":"Request body undefined","service":"api-gateway","timestamp":"2026-09-19T19:28:29.532Z"}
{"level":"info","message":"Response received from Post service: 200","service":"api-gateway","timestamp":"2026-09-19T19:28:29.730Z"}
{"level":"info","message":"Recieved GET request to undefined","service":"api-gateway","timestamp":"2026-09-19T19:28:46.985Z"}
{"level":"info","message":"Request body undefined","service":"api-gateway","timestamp":"2026-09-19T19:28:46.986Z"}
{"level":"info","message":"Response received from Post service: 200","service":"api-gateway","timestamp":"2026-09-19T19:28:47.006Z"}
{"level":"info","message":"Recieved GET request to undefined","service":"api-gateway","timestamp":"2026-09-19T19:28:48.855Z"}
{"level":"info","message":"Request body undefined","service":"api-gateway","timestamp":"2026-09-19T19:28:48.856Z"}
{"level":"info","message":"Response received from Post service: 200","service":"api-gateway","timestamp":"2026-09-19T19:28:48.871Z"}
{"level":"info","message":"Recieved GET request to undefined","service":"api-gateway","timestamp":"2026-09-19T19:28:50.362Z"}
{"level":"info","message":"Request body undefined","service":"api-gateway","timestamp":"2026-09-19T19:28:50.363Z"}
{"level":"info","message":"Response received from Post service: 200","service":"api-gateway","timestamp":"2026-09-19T19:28:50.378Z"}
{"level":"info","message":"Recieved GET request to undefined","service":"api-gateway","timestamp":"2026-09-19T19:28:52.074Z"}
{"level":"info","message":"Request body undefined","service":"api-gateway","timestamp":"2026-09-19T19:28:52.074Z"}
{"level":"info","message":"Response received from Post service: 200","service":"api-gateway","timestamp":"2026-09-19T19:28:52.085Z"}
{"level":"info","message":"Recieved GET request to undefined","service":"api-gateway","timestamp":"2026-09-19T19:28:53.507Z"}
{"level":"info","message":"Request body undefined","service":"api-gateway","timestamp":"2026-09-19T19:28:53.507Z"}
{"level":"info","message":"Response received from Post service: 200","service":"api-gateway","timestamp":"2026-09-19T19:28:53.519Z"}
{"level":"info","message":"Recieved GET request to undefined","service":"api-gateway","timestamp":"2026-09-19T19:28:54.989Z"}
{"level":"info","message":"Request body undefined","service":"api-gateway","timestamp":"2026-09-19T19:28:54.990Z"}
{"level":"info","message":"Response received from Post service: 200","service":"api-gateway","timestamp":"2026-09-19T19:28:55.003Z"}
