{"level":"info","message":"Identity service started at 7000","service":"post-service","timestamp":"2026-09-18T04:52:52.127Z"}
{"level":"info","message":"MongoDB Database connect","service":"post-service","timestamp":"2026-09-18T04:52:52.208Z"}
{"level":"info","message":"Post service started at 7000","service":"post-service","timestamp":"2026-09-18T04:53:11.431Z"}
{"level":"info","message":"MongoDB Database connect","service":"post-service","timestamp":"2026-09-18T04:53:11.553Z"}
{"level":"info","message":"Post service started at 7000","service":"post-service","timestamp":"2026-09-18T08:52:19.545Z"}
{"level":"info","message":"MongoDB Database connect","service":"post-service","timestamp":"2026-09-18T08:52:19.590Z"}
{"level":"info","message":"Post service started at 7000","service":"post-service","timestamp":"2026-09-18T16:00:38.365Z"}
{"level":"info","message":"MongoDB Database connect","service":"post-service","timestamp":"2026-09-18T16:00:38.401Z"}
{"level":"info","message":"Post service started at 7000","service":"post-service","timestamp":"2026-09-18T16:10:02.900Z"}
{"level":"info","message":"MongoDB Database connect","service":"post-service","timestamp":"2026-09-18T16:10:02.943Z"}
{"level":"info","message":"Post service started at 7000","service":"post-service","timestamp":"2026-09-18T16:10:54.001Z"}
{"level":"info","message":"MongoDB Database connect","service":"post-service","timestamp":"2026-09-18T16:10:54.045Z"}
{"level":"info","message":"Received POST request to /api/posts","service":"post-service","timestamp":"2026-09-18T16:10:55.983Z"}
{"level":"info","message":"Request body, [object Object]","service":"post-service","timestamp":"2026-09-18T16:10:55.984Z"}
{"level":"info","message":"Received POST request to /api/posts/create-post","service":"post-service","timestamp":"2026-09-18T16:11:59.487Z"}
{"level":"info","message":"Request body, [object Object]","service":"post-service","timestamp":"2026-09-18T16:11:59.488Z"}
{"level":"info","message":"create post endpoint hit","service":"post-service","timestamp":"2026-09-18T16:11:59.490Z"}
{"_message":"post validation failed","errors":{"content":{"kind":"required","message":"Path `content` is required.","name":"ValidatorError","path":"content","properties":{"message":"Path `content` is required.","path":"content","type":"required"}}},"level":"error","message":"Error creating post post validation failed: content: Path `content` is required.","service":"post-service","stack":"ValidationError: post validation failed: content: Path `content` is required.\n    at model.validate (C:\\Users\\Saptarshi\\OneDrive\\Documents\\Study Material\\Framework\\SM\\Advanced\\Event_Loop_One\\social-media-microservices\\post-service\\node_modules\\mongoose\\lib\\document.js:2945:36)\n    at process.processTicksAndRejections (node:internal/process/task_queues:105:5)\n    at async model.$__save (C:\\Users\\Saptarshi\\OneDrive\\Documents\\Study Material\\Framework\\SM\\Advanced\\Event_Loop_One\\social-media-microservices\\post-service\\node_modules\\mongoose\\lib\\model.js:399:7)\n    at async maybeTracedSave (C:\\Users\\Saptarshi\\OneDrive\\Documents\\Study Material\\Framework\\SM\\Advanced\\Event_Loop_One\\social-media-microservices\\post-service\\node_modules\\mongoose\\lib\\model.js:676:7)\n    at async createPost (C:\\Users\\Saptarshi\\OneDrive\\Documents\\Study Material\\Framework\\SM\\Advanced\\Event_Loop_One\\social-media-microservices\\post-service\\src\\controller\\post-controller.js:14:9)","timestamp":"2026-09-18T16:11:59.500Z"}
{"level":"info","message":"Received POST request to /api/posts/create-post","service":"post-service","timestamp":"2026-09-18T16:13:16.069Z"}
{"level":"info","message":"Request body, [object Object]","service":"post-service","timestamp":"2026-09-18T16:13:16.070Z"}
{"level":"info","message":"create post endpoint hit","service":"post-service","timestamp":"2026-09-18T16:13:16.071Z"}
{"$__":{"$versionError":null,"activePaths":{"paths":{"content":"require","user":"require"},"states":{"require":{"content":true,"user":true}}},"backup":{"activePaths":{"default":{"_id":true,"createdAt":true},"modify":{"content":true,"mediaIds":true,"user":true}},"validationError":null},"cachedRequired":null,"inserting":true,"op":null,"pathsToScopes":{"mediaIds":{"__v":0,"_id":"6aad631c99cfbb104242d37f","content":"This is my first test post","createdAt":"2026-09-18T16:13:16.072Z","mediaIds":[],"user":"6aa97c0106306bbda253f0da"}},"saveOptions":null,"savedState":{},"saving":null,"validating":null,"validationError":null},"$isNew":false,"_doc":{"__v":0,"_id":"6aad631c99cfbb104242d37f","content":"This is my first test post","createdAt":"2026-09-18T16:13:16.072Z","mediaIds":[],"user":"6aa97c0106306bbda253f0da"},"level":"info","message":"Post created successfully","service":"post-service","timestamp":"2026-09-18T16:13:16.082Z"}
