{"level":"info","message":"Identity service started at 3000","service":"identity-service","timestamp":"2026-09-11T15:46:10.207Z"}
{"level":"info","message":"Identity service started at 3000","service":"identity-service","timestamp":"2026-09-11T15:46:43.981Z"}
{"level":"info","message":"Identity service started at 3000","service":"identity-service","timestamp":"2026-09-11T15:47:26.587Z"}
{"level":"info","message":"Identity service started at 3000","service":"identity-service","timestamp":"2026-09-11T15:50:46.828Z"}
{"level":"info","message":"Identity service started at 3000","service":"identity-service","timestamp":"2026-09-11T15:50:58.722Z"}
{"level":"warn","message":"Database connected","service":"identity-service","timestamp":"2026-09-11T15:50:58.798Z"}
{"level":"info","message":"Identity service started at 3000","service":"identity-service","timestamp":"2026-09-11T15:51:08.989Z"}
{"level":"info","message":"Database connected","service":"identity-service","timestamp":"2026-09-11T15:51:09.055Z"}
{"level":"info","message":"Received POST request to //api/auth/registration","service":"identity-service","timestamp":"2026-09-11T15:57:48.164Z"}
{"level":"info","message":"Request body, [object Object]","service":"identity-service","timestamp":"2026-09-11T15:57:48.166Z"}
{"level":"info","message":"Received POST request to /api/auth/registration","service":"identity-service","timestamp":"2026-09-11T15:57:56.431Z"}
{"level":"info","message":"Request body, [object Object]","service":"identity-service","timestamp":"2026-09-11T15:57:56.432Z"}
{"level":"info","message":"Registration endpoint hit...","service":"identity-service","timestamp":"2026-09-11T15:57:56.436Z"}
{"0":"\"","1":"u","10":" ","11":"l","12":"e","13":"n","14":"g","15":"t","16":"h","17":" ","18":"m","19":"u","2":"s","20":"s","21":"t","22":" ","23":"b","24":"e","25":" ","26":"l","27":"e","28":"s","29":"s","3":"e","30":" ","31":"t","32":"h","33":"a","34":"n","35":" ","36":"o","37":"r","38":" ","39":"e","4":"r","40":"q","41":"u","42":"a","43":"l","44":" ","45":"t","46":"o","47":" ","48":"1","49":"5","5":"n","50":" ","51":"c","52":"h","53":"a","54":"r","55":"a","56":"c","57":"t","58":"e","59":"r","6":"a","60":"s","61":" ","62":"l","63":"o","64":"n","65":"g","7":"m","8":"e","9":"\"","level":"warn","message":"Validation error","service":"identity-service","timestamp":"2026-09-11T15:57:56.449Z"}
{"level":"info","message":"Received POST request to /api/auth/registration","service":"identity-service","timestamp":"2026-09-11T15:58:18.482Z"}
{"level":"info","message":"Request body, [object Object]","service":"identity-service","timestamp":"2026-09-11T15:58:18.483Z"}
{"level":"info","message":"Registration endpoint hit...","service":"identity-service","timestamp":"2026-09-11T15:58:18.486Z"}
{"level":"error","message":"Registration error occured Assignment to constant variable.","service":"identity-service","stack":"TypeError: Assignment to constant variable.\n    at registrationUser (C:\\Users\\Saptarshi\\OneDrive\\Documents\\Study Material\\Framework\\SM\\Advanced\\Event_Loop_One\\social-media-microservices\\identity-service\\src\\controller\\identity-controller.js:27:22)\n    at process.processTicksAndRejections (node:internal/process/task_queues:105:5)","timestamp":"2026-09-11T15:58:18.595Z"}
{"level":"info","message":"Identity service started at 3000","service":"identity-service","timestamp":"2026-09-11T16:00:00.778Z"}
{"level":"info","message":"Database connected","service":"identity-service","timestamp":"2026-09-11T16:00:00.849Z"}
{"level":"info","message":"Received POST request to /api/auth/registration","service":"identity-service","timestamp":"2026-09-11T16:00:04.198Z"}
{"level":"info","message":"Request body, [object Object]","service":"identity-service","timestamp":"2026-09-11T16:00:04.199Z"}
{"level":"info","message":"Registration endpoint hit...","service":"identity-service","timestamp":"2026-09-11T16:00:04.209Z"}
{"i0":6988837,"i1":8672012,"i2":2647148,"i3":12832640,"level":"warn","message":"User saved successfully","service":"identity-service","timestamp":"2026-09-11T16:00:04.496Z"}
{"level":"info","message":"Identity service started at 3000","service":"identity-service","timestamp":"2026-09-11T16:00:44.060Z"}
{"level":"info","message":"Database connected","service":"identity-service","timestamp":"2026-09-11T16:00:44.124Z"}
{"level":"info","message":"Received POST request to /api/auth/registration","service":"identity-service","timestamp":"2026-09-11T16:01:05.637Z"}
{"level":"info","message":"Request body, [object Object]","service":"identity-service","timestamp":"2026-09-11T16:01:05.638Z"}
{"level":"info","message":"Registration endpoint hit...","service":"identity-service","timestamp":"2026-09-11T16:01:05.652Z"}
{"level":"warn","message":"User already existed","service":"identity-service","timestamp":"2026-09-11T16:01:05.688Z"}
{"level":"info","message":"Identity service started at 8000","service":"identity-service","timestamp":"2026-09-11T18:41:12.430Z"}
{"level":"info","message":"Database connected","service":"identity-service","timestamp":"2026-09-11T18:41:12.473Z"}
{"level":"info","message":"Identity service started at 8000","service":"identity-service","timestamp":"2026-09-11T18:43:17.522Z"}
{"level":"info","message":"Database connected","service":"identity-service","timestamp":"2026-09-11T18:43:17.550Z"}
{"level":"info","message":"Received POST request to /api/auth/registration","service":"identity-service","timestamp":"2026-09-11T18:43:54.615Z"}
{"level":"info","message":"Request body, [object Object]","service":"identity-service","timestamp":"2026-09-11T18:43:54.616Z"}
{"level":"info","message":"Registration endpoint hit...","service":"identity-service","timestamp":"2026-09-11T18:43:54.619Z"}
{"i0":6988875,"i1":15363025,"i2":13996673,"i3":5435223,"level":"warn","message":"User saved successfully","service":"identity-service","timestamp":"2026-09-11T18:43:54.728Z"}
{"level":"info","message":"Received POST request to /api/auth/registration","service":"identity-service","timestamp":"2026-09-11T18:43:58.173Z"}
{"level":"info","message":"Request body, [object Object]","service":"identity-service","timestamp":"2026-09-11T18:43:58.173Z"}
{"level":"info","message":"Registration endpoint hit...","service":"identity-service","timestamp":"2026-09-11T18:43:58.174Z"}
{"level":"warn","message":"User already existed","service":"identity-service","timestamp":"2026-09-11T18:43:58.179Z"}
{"level":"info","message":"Identity service started at 8000","service":"identity-service","timestamp":"2026-09-11T18:47:24.345Z"}
{"level":"info","message":"Database connected","service":"identity-service","timestamp":"2026-09-11T18:47:24.386Z"}
{"level":"info","message":"Identity service started at 8000","service":"identity-service","timestamp":"2026-09-13T11:55:56.325Z"}
{"level":"info","message":"Database connected","service":"identity-service","timestamp":"2026-09-13T11:55:56.382Z"}
{"level":"info","message":"Received POST request to /api/auth/registration","service":"identity-service","timestamp":"2026-09-13T11:56:12.676Z"}
{"level":"info","message":"Request body, [object Object]","service":"identity-service","timestamp":"2026-09-13T11:56:12.677Z"}
{"level":"info","message":"Registration endpoint hit...","service":"identity-service","timestamp":"2026-09-13T11:56:12.688Z"}
{"i0":6989455,"i1":6067728,"i2":4595906,"i3":7336488,"level":"warn","message":"User saved successfully","service":"identity-service","timestamp":"2026-09-13T11:56:12.863Z"}
{"level":"info","message":"Identity service started at 8000","service":"identity-service","timestamp":"2026-09-13T11:56:45.463Z"}
{"level":"info","message":"Database connected","service":"identity-service","timestamp":"2026-09-13T11:56:45.541Z"}
{"level":"info","message":"Received POST request to /api/auth/registration","service":"identity-service","timestamp":"2026-09-13T11:58:56.465Z"}
{"level":"info","message":"Request body, [object Object]","service":"identity-service","timestamp":"2026-09-13T11:58:56.466Z"}
{"level":"info","message":"Registration endpoint hit...","service":"identity-service","timestamp":"2026-09-13T11:58:56.477Z"}
{"i0":6989456,"i1":17143,"i2":4915102,"i3":1460452,"level":"info","message":"User saved successfully","service":"identity-service","timestamp":"2026-09-13T11:58:56.649Z"}
{"level":"info","message":"Identity service started at 8000","service":"identity-service","timestamp":"2026-09-13T12:46:17.150Z"}
{"level":"info","message":"Database connected","service":"identity-service","timestamp":"2026-09-13T12:46:17.182Z"}
{"level":"info","message":"Identity service started at 8000","service":"identity-service","timestamp":"2026-09-13T12:48:22.833Z"}
{"level":"info","message":"Database connected","service":"identity-service","timestamp":"2026-09-13T12:48:22.867Z"}
{"level":"info","message":"Identity service started at 8000","service":"identity-service","timestamp":"2026-09-13T12:48:45.684Z"}
{"level":"info","message":"Database connected","service":"identity-service","timestamp":"2026-09-13T12:48:45.722Z"}
{"level":"info","message":"Identity service started at 8000","service":"identity-service","timestamp":"2026-09-13T13:20:56.570Z"}
{"level":"info","message":"Database connected","service":"identity-service","timestamp":"2026-09-13T13:20:56.602Z"}
{"level":"info","message":"Identity service started at 8000","service":"identity-service","timestamp":"2026-09-13T13:43:34.792Z"}
{"level":"info","message":"Database connected","service":"identity-service","timestamp":"2026-09-13T13:43:34.827Z"}
{"level":"info","message":"Received POST request to /api/auth/login","service":"identity-service","timestamp":"2026-09-13T13:46:39.784Z"}
{"level":"info","message":"Request body, [object Object]","service":"identity-service","timestamp":"2026-09-13T13:46:39.785Z"}
{"level":"info","message":"Login endpoint hit","service":"identity-service","timestamp":"2026-09-13T13:46:39.791Z"}
